// Jest Snapshot v1, https://goo.gl/fbAQLP

exports[`should receive the leaderboard in proper format 1`] = `
<div>
  Loading Crowd Results ...
</div>
`;
