// Jest Snapshot v1, https://goo.gl/fbAQLP

exports[`present a button 1`] = `
<button
  className="btn btn-primary"
  disabled={false}
  type="button"
>
  Join Crowd
</button>
`;
